\BOOKMARK [1][-]{section.1}{\376\377\000I\000n\000t\000r\000o\000d\000u\000c\000t\000i\000o\000n}{}% 1
\BOOKMARK [2][-]{subsection.1.1}{\376\377\000A\000O\000D\000V\000\040\000\040\000C\000C\000-\000A\000O\000D\000V\000\040\000\040\000E\000C\000C\000-\000A\000O\000D\000V}{section.1}% 2
\BOOKMARK [1][-]{section.2}{\376\377\000P\000r\000o\000b\000l\000e\000m\000\040\000M\000o\000t\000i\000v\000a\000t\000i\000o\000n}{}% 3
\BOOKMARK [2][-]{subsection.2.1}{\376\377\000E\000C\000C\000-\000A\000O\000D\000V\000\040\000E\000n\000h\000a\000n\000c\000e\000m\000e\000n\000t\000s}{section.2}% 4
\BOOKMARK [2][-]{subsection.2.2}{\376\377\000D\000e\000s\000i\000g\000n\000\040\000D\000e\000l\000t\000a\000\040\000f\000r\000o\000m\000\040\000A\000O\000D\000V\000\040\000a\000n\000d\000\040\000C\000C\000-\000A\000O\000D\000V}{section.2}% 5
\BOOKMARK [1][-]{section.3}{\376\377\000N\000e\000t\000w\000o\000r\000k\000\040\000T\000o\000p\000o\000l\000o\000g\000i\000e\000s\000\040\000U\000n\000d\000e\000r\000\040\000S\000i\000m\000u\000l\000a\000t\000i\000o\000n}{}% 6
\BOOKMARK [2][-]{subsection.3.1}{\376\377\000W\000i\000r\000e\000l\000e\000s\000s\000\040\0008\0000\0002\000.\0001\0001\000\040\000M\000o\000b\000i\000l\000e\000\040\000T\000o\000p\000o\000l\000o\000g\000y}{section.3}% 7
\BOOKMARK [3][-]{subsubsection.3.1.1}{\376\377\000A\000r\000c\000h\000i\000t\000e\000c\000t\000u\000r\000e}{subsection.3.1}% 8
\BOOKMARK [3][-]{subsubsection.3.1.2}{\376\377\000C\000h\000a\000n\000n\000e\000l\000\040\000a\000n\000d\000\040\000E\000n\000e\000r\000g\000y\000\040\000M\000o\000d\000e\000l}{subsection.3.1}% 9
\BOOKMARK [3][-]{subsubsection.3.1.3}{\376\377\000T\000r\000a\000f\000f\000i\000c\000\040\000M\000o\000d\000e\000l}{subsection.3.1}% 10
\BOOKMARK [2][-]{subsection.3.2}{\376\377\000W\000i\000r\000e\000l\000e\000s\000s\000\040\0008\0000\0002\000.\0001\0001\000\040\000S\000t\000a\000t\000i\000c\000\040\000T\000o\000p\000o\000l\000o\000g\000y}{section.3}% 11
\BOOKMARK [3][-]{subsubsection.3.2.1}{\376\377\000A\000r\000c\000h\000i\000t\000e\000c\000t\000u\000r\000e}{subsection.3.2}% 12
\BOOKMARK [3][-]{subsubsection.3.2.2}{\376\377\000C\000o\000v\000e\000r\000a\000g\000e\000\040\000/\000\040\000D\000e\000n\000s\000i\000t\000y\000\040\000E\000f\000f\000e\000c\000t}{subsection.3.2}% 13
\BOOKMARK [1][-]{section.4}{\376\377\000M\000e\000t\000h\000o\000d\000o\000l\000o\000g\000y\000\040\000a\000n\000d\000\040\000P\000a\000r\000a\000m\000e\000t\000e\000r\000\040\000S\000w\000e\000e\000p\000s}{}% 14
\BOOKMARK [2][-]{subsection.4.1}{\376\377\000S\000w\000e\000e\000p\000\040\000S\000t\000r\000a\000t\000e\000g\000y}{section.4}% 15
\BOOKMARK [2][-]{subsection.4.2}{\376\377\000M\000o\000b\000i\000l\000e\000\040\000T\000o\000p\000o\000l\000o\000g\000y\000\040\000P\000a\000r\000a\000m\000e\000t\000e\000r\000\040\000S\000w\000e\000e\000p}{section.4}% 16
\BOOKMARK [2][-]{subsection.4.3}{\376\377\000S\000t\000a\000t\000i\000c\000\040\000T\000o\000p\000o\000l\000o\000g\000y\000\040\000P\000a\000r\000a\000m\000e\000t\000e\000r\000\040\000S\000w\000e\000e\000p}{section.4}% 17
\BOOKMARK [2][-]{subsection.4.4}{\376\377\000S\000c\000e\000n\000a\000r\000i\000o\000\040\000I\000n\000t\000e\000n\000t\000s\000\040\000U\000s\000e\000d\000\040\000i\000n\000\040\000T\000e\000s\000t\000i\000n\000g}{section.4}% 18
\BOOKMARK [2][-]{subsection.4.5}{\376\377\000P\000e\000r\000-\000R\000u\000n\000\040\000C\000o\000n\000f\000i\000g\000u\000r\000a\000t\000i\000o\000n}{section.4}% 19
\BOOKMARK [2][-]{subsection.4.6}{\376\377\000M\000e\000t\000r\000i\000c\000s\000\040\000R\000e\000p\000o\000r\000t\000e\000d}{section.4}% 20
\BOOKMARK [1][-]{section.5}{\376\377\000R\000e\000s\000u\000l\000t\000s}{}% 21
\BOOKMARK [2][-]{subsection.5.1}{\376\377\000F\000u\000l\000l\000\040\000P\000e\000r\000-\000C\000o\000n\000f\000i\000g\000u\000r\000a\000t\000i\000o\000n\000\040\000R\000e\000s\000u\000l\000t\000s}{section.5}% 22
\BOOKMARK [2][-]{subsection.5.2}{\376\377\000M\000o\000b\000i\000l\000e\000\040\000T\000o\000p\000o\000l\000o\000g\000y\000\040\040\024\000\040\000M\000u\000l\000t\000i\000-\000P\000a\000n\000e\000l\000\040\000P\000a\000r\000a\000m\000e\000t\000e\000r\000\040\000S\000w\000e\000e\000p}{section.5}% 23
\BOOKMARK [2][-]{subsection.5.3}{\376\377\000S\000t\000a\000t\000i\000c\000\040\000T\000o\000p\000o\000l\000o\000g\000y\000\040\040\024\000\040\000M\000u\000l\000t\000i\000-\000P\000a\000n\000e\000l\000\040\000P\000a\000r\000a\000m\000e\000t\000e\000r\000\040\000S\000w\000e\000e\000p}{section.5}% 24
\BOOKMARK [2][-]{subsection.5.4}{\376\377\000A\000v\000e\000r\000a\000g\000e\000-\000M\000e\000t\000r\000i\000c\000\040\000G\000r\000o\000u\000p\000e\000d\000-\000B\000a\000r\000\040\000C\000o\000m\000p\000a\000r\000i\000s\000o\000n}{section.5}% 25
\BOOKMARK [2][-]{subsection.5.5}{\376\377\000E\000C\000C\000-\000A\000O\000D\000V\000\040\000I\000m\000p\000r\000o\000v\000e\000m\000e\000n\000t\000\040\000o\000v\000e\000r\000\040\000B\000a\000s\000e\000l\000i\000n\000e\000s}{section.5}% 26
\BOOKMARK [2][-]{subsection.5.6}{\376\377\000W\000i\000n\000\040\000M\000a\000t\000r\000i\000x\000\040\040\024\000\040\000P\000e\000r\000-\000M\000e\000t\000r\000i\000c\000\040\000W\000i\000n\000s\000\040\000p\000e\000r\000\040\000P\000r\000o\000t\000o\000c\000o\000l}{section.5}% 27
\BOOKMARK [2][-]{subsection.5.7}{\376\377\000P\000D\000R\000\040\000v\000s\000.\000\040\000N\000o\000d\000e\000\040\000C\000o\000u\000n\000t\000\040\040\024\000\040\000M\000o\000b\000i\000l\000e\000\040\000T\000o\000p\000o\000l\000o\000g\000y}{section.5}% 28
\BOOKMARK [1][-]{section.6}{\376\377\000S\000u\000m\000m\000a\000r\000y\000\040\000F\000i\000n\000d\000i\000n\000g\000s}{}% 29
\BOOKMARK [2][-]{subsection.6.1}{\376\377\000P\000e\000r\000-\000T\000o\000p\000o\000l\000o\000g\000y\000\040\000A\000v\000e\000r\000a\000g\000e\000\040\000M\000e\000t\000r\000i\000c\000s}{section.6}% 30
\BOOKMARK [2][-]{subsection.6.2}{\376\377\000T\000o\000t\000a\000l\000\040\000W\000i\000n\000\040\000C\000o\000u\000n\000t\000s}{section.6}% 31
\BOOKMARK [2][-]{subsection.6.3}{\376\377\000W\000h\000e\000r\000e\000\040\000E\000C\000C\000-\000A\000O\000D\000V\000\040\000W\000i\000n\000s\000\040\000D\000e\000c\000i\000s\000i\000v\000e\000l\000y}{section.6}% 32
\BOOKMARK [2][-]{subsection.6.4}{\376\377\000W\000h\000e\000r\000e\000\040\000E\000C\000C\000-\000A\000O\000D\000V\000\040\000L\000o\000s\000e\000s}{section.6}% 33
\BOOKMARK [2][-]{subsection.6.5}{\376\377\000W\000h\000y\000\040\000E\000n\000e\000r\000g\000y\000\040\000L\000o\000o\000k\000s\000\040\000I\000d\000e\000n\000t\000i\000c\000a\000l}{section.6}% 34
\BOOKMARK [1][-]{section.7}{\376\377\000A\000b\000l\000a\000t\000i\000o\000n\000\040\000S\000t\000u\000d\000y}{}% 35
\BOOKMARK [2][-]{subsection.7.1}{\376\377\000W\000h\000y\000\040\000\050\000,\000,\000\051\000\040\000=\000\040\000\050\0000\000.\0006\000,\0000\000.\0002\000,\0000\000.\0002\000\051\000\040\000f\000o\000r\000\040\000M\000M\000P\000S}{section.7}% 36
\BOOKMARK [2][-]{subsection.7.2}{\376\377\000W\000h\000y\000\040\000\050\000w\0001\000,\000w\0002\000,\000w\0003\000\051\000\040\000=\000\040\000\050\0000\000.\0006\000,\0000\000.\0002\000,\0000\000.\0002\000\051\000\040\000f\000o\000r\000\040\000Q\000A\000C\000D}{section.7}% 37
\BOOKMARK [1][-]{section.8}{\376\377\000D\000i\000s\000c\000u\000s\000s\000i\000o\000n}{}% 38
\BOOKMARK [2][-]{subsection.8.1}{\376\377\000W\000h\000e\000n\000\040\000d\000o\000e\000s\000\040\000e\000a\000c\000h\000\040\000p\000r\000o\000t\000o\000c\000o\000l\000\040\000w\000i\000n\000?}{section.8}% 39
\BOOKMARK [2][-]{subsection.8.2}{\376\377\000T\000h\000e\000\040\000P\000D\000R\000\040\000v\000s\000\040\000T\000h\000r\000o\000u\000g\000h\000p\000u\000t\000\040\000T\000r\000a\000d\000e\000o\000f\000f}{section.8}% 40
\BOOKMARK [2][-]{subsection.8.3}{\376\377\000W\000h\000y\000\040\000L\000o\000s\000s\000\040\000I\000m\000p\000r\000o\000v\000e\000m\000e\000n\000t\000s\000\040\000a\000r\000e\000\040\000S\000m\000a\000l\000l\000\040\000i\000n\000\040\000A\000b\000s\000o\000l\000u\000t\000e\000\040\000T\000e\000r\000m\000s}{section.8}% 41
\BOOKMARK [2][-]{subsection.8.4}{\376\377\000M\000o\000b\000i\000l\000e\000\040\000v\000s\000\040\000S\000t\000a\000t\000i\000c}{section.8}% 42
\BOOKMARK [2][-]{subsection.8.5}{\376\377\000L\000i\000m\000i\000t\000a\000t\000i\000o\000n\000s\000\040\000a\000n\000d\000\040\000F\000u\000t\000u\000r\000e\000\040\000W\000o\000r\000k}{section.8}% 43
\BOOKMARK [2][-]{subsection.8.6}{\376\377\000T\000h\000r\000o\000u\000g\000h\000p\000u\000t\000\040\000v\000s\000.\000\040\000N\000o\000d\000e\000\040\000C\000o\000u\000n\000t\000\040\040\024\000\040\000M\000o\000b\000i\000l\000e\000\040\000T\000o\000p\000o\000l\000o\000g\000y}{section.8}% 44
\BOOKMARK [2][-]{subsection.8.7}{\376\377\000P\000D\000R\000\040\000v\000s\000.\000\040\000F\000l\000o\000w\000\040\000C\000o\000u\000n\000t\000\040\040\024\000\040\000M\000o\000b\000i\000l\000e\000\040\000T\000o\000p\000o\000l\000o\000g\000y}{section.8}% 45
\BOOKMARK [2][-]{subsection.8.8}{\376\377\000T\000h\000r\000o\000u\000g\000h\000p\000u\000t\000\040\000v\000s\000.\000\040\000F\000l\000o\000w\000\040\000C\000o\000u\000n\000t\000\040\040\024\000\040\000M\000o\000b\000i\000l\000e\000\040\000T\000o\000p\000o\000l\000o\000g\000y}{section.8}% 46
\BOOKMARK [2][-]{subsection.8.9}{\376\377\000P\000D\000R\000\040\000b\000y\000\040\000N\000o\000d\000e\000\040\000C\000o\000u\000n\000t\000\040\040\024\000\040\000S\000t\000a\000t\000i\000c\000\040\000T\000o\000p\000o\000l\000o\000g\000y}{section.8}% 47
\BOOKMARK [2][-]{subsection.8.10}{\376\377\000P\000D\000R\000\040\000b\000y\000\040\000M\000o\000b\000i\000l\000i\000t\000y\000\040\000S\000p\000e\000e\000d\000\040\040\024\000\040\000M\000o\000b\000i\000l\000e\000\040\000T\000o\000p\000o\000l\000o\000g\000y}{section.8}% 48
\BOOKMARK [2][-]{subsection.8.11}{\376\377\000E\000C\000C\000-\000A\000O\000D\000V\000\040\000G\000a\000i\000n\000\040\000o\000v\000e\000r\000\040\000A\000O\000D\000V\000\040\000b\000y\000\040\000N\000o\000d\000e\000\040\000C\000o\000u\000n\000t\000\040\040\024\000\040\000B\000o\000t\000h\000\040\000T\000o\000p\000o\000l\000o\000g\000i\000e\000s}{section.8}% 49
\BOOKMARK [2][-]{subsection.8.12}{\376\377\000P\000e\000r\000-\000C\000o\000n\000f\000i\000g\000\040\000T\000h\000r\000o\000u\000g\000h\000p\000u\000t\000\040\000C\000o\000m\000p\000a\000r\000i\000s\000o\000n\000\040\040\024\000\040\000A\000l\000l\000\040\0001\0006\000\040\000C\000o\000n\000f\000i\000g\000s}{section.8}% 50
\BOOKMARK [2][-]{subsection.8.13}{\376\377\000P\000e\000r\000-\000C\000o\000n\000f\000i\000g\000\040\000P\000D\000R\000\040\000C\000o\000m\000p\000a\000r\000i\000s\000o\000n\000\040\040\024\000\040\000A\000l\000l\000\040\0001\0006\000\040\000C\000o\000n\000f\000i\000g\000s}{section.8}% 51
\BOOKMARK [2][-]{subsection.8.14}{\376\377\000E\000n\000d\000-\000t\000o\000-\000E\000n\000d\000\040\000D\000e\000l\000a\000y\000\040\040\024\000\040\000A\000l\000l\000\040\0001\0006\000\040\000C\000o\000n\000f\000i\000g\000s}{section.8}% 52
\BOOKMARK [2][-]{subsection.8.15}{\376\377\000P\000a\000c\000k\000e\000t\000\040\000L\000o\000s\000s\000\040\040\024\000\040\000A\000l\000l\000\040\0001\0006\000\040\000C\000o\000n\000f\000i\000g\000s}{section.8}% 53
\BOOKMARK [2][-]{subsection.8.16}{\376\377\000M\000o\000b\000i\000l\000i\000t\000y\000\040\000S\000p\000e\000e\000d\000\040\000v\000s\000.\000\040\000P\000D\000R\000\040\040\024\000\040\000A\000l\000l\000\040\000M\000o\000b\000i\000l\000e\000\040\000C\000o\000n\000f\000i\000g\000s}{section.8}% 54
\BOOKMARK [2][-]{subsection.8.17}{\376\377\000T\000h\000r\000o\000u\000g\000h\000p\000u\000t\000\040\000v\000s\000.\000\040\000S\000p\000e\000e\000d\000\040\040\024\000\040\000M\000o\000b\000i\000l\000e\000\040\000T\000o\000p\000o\000l\000o\000g\000y}{section.8}% 55
\BOOKMARK [2][-]{subsection.8.18}{\376\377\000S\000t\000a\000t\000i\000c\000\040\000T\000o\000p\000o\000l\000o\000g\000y\000:\000\040\000T\000h\000r\000o\000u\000g\000h\000p\000u\000t\000\040\000b\000y\000\040\000N\000o\000d\000e\000\040\000C\000o\000u\000n\000t}{section.8}% 56
\BOOKMARK [2][-]{subsection.8.19}{\376\377\000S\000t\000a\000t\000i\000c\000\040\000T\000o\000p\000o\000l\000o\000g\000y\000:\000\040\000D\000e\000l\000a\000y\000\040\000b\000y\000\040\000N\000o\000d\000e\000\040\000C\000o\000u\000n\000t}{section.8}% 57
\BOOKMARK [2][-]{subsection.8.20}{\376\377\000M\000o\000b\000i\000l\000e\000\040\000T\000o\000p\000o\000l\000o\000g\000y\000:\000\040\000D\000e\000l\000a\000y\000\040\000b\000y\000\040\000N\000o\000d\000e\000\040\000C\000o\000u\000n\000t}{section.8}% 58
\BOOKMARK [2][-]{subsection.8.21}{\376\377\000M\000o\000b\000i\000l\000e\000:\000\040\000P\000D\000R\000\040\000G\000a\000i\000n\000\040\000o\000v\000e\000r\000\040\000A\000O\000D\000V\000\040\040\024\000\040\000P\000e\000r\000\040\000F\000l\000o\000w\000\040\000C\000o\000u\000n\000t}{section.8}% 59
\BOOKMARK [2][-]{subsection.8.22}{\376\377\000S\000t\000a\000t\000i\000c\000:\000\040\000P\000D\000R\000\040\000G\000a\000i\000n\000\040\000o\000v\000e\000r\000\040\000A\000O\000D\000V\000\040\040\024\000\040\000P\000e\000r\000\040\000F\000l\000o\000w\000\040\000C\000o\000u\000n\000t}{section.8}% 60
\BOOKMARK [2][-]{subsection.8.23}{\376\377\000E\000n\000e\000r\000g\000y\000\040\000b\000y\000\040\000N\000o\000d\000e\000\040\000C\000o\000u\000n\000t\000\040\040\024\000\040\000M\000o\000b\000i\000l\000e\000\040\000a\000n\000d\000\040\000S\000t\000a\000t\000i\000c\000\040\000C\000o\000m\000b\000i\000n\000e\000d}{section.8}% 61
\BOOKMARK [2][-]{subsection.8.24}{\376\377\000P\000r\000o\000t\000o\000c\000o\000l\000\040\000C\000o\000m\000p\000a\000r\000i\000s\000o\000n\000:\000\040\000D\000e\000l\000a\000y\000\040\000v\000s\000.\000\040\000T\000h\000r\000o\000u\000g\000h\000p\000u\000t\000\040\000S\000c\000a\000t\000t\000e\000r}{section.8}% 62
\BOOKMARK [2][-]{subsection.8.25}{\376\377\000P\000D\000R\000\040\000v\000s\000.\000\040\000T\000h\000r\000o\000u\000g\000h\000p\000u\000t\000\040\000S\000c\000a\000t\000t\000e\000r\000\040\040\024\000\040\000A\000l\000l\000\040\0004\0008\000\040\000P\000o\000i\000n\000t\000s}{section.8}% 63
\BOOKMARK [2][-]{subsection.8.26}{\376\377\000S\000t\000a\000t\000i\000c\000:\000\040\000A\000r\000e\000a\000\040\000M\000u\000l\000t\000i\000p\000l\000i\000e\000r\000\040\000E\000f\000f\000e\000c\000t\000\040\000o\000n\000\040\000P\000D\000R}{section.8}% 64
\BOOKMARK [2][-]{subsection.8.27}{\376\377\000S\000t\000a\000t\000i\000c\000:\000\040\000T\000h\000r\000o\000u\000g\000h\000p\000u\000t\000\040\000v\000s\000.\000\040\000A\000r\000e\000a\000\040\000M\000u\000l\000t\000i\000p\000l\000i\000e\000r}{section.8}% 65
\BOOKMARK [2][-]{subsection.8.28}{\376\377\000S\000t\000a\000t\000i\000c\000:\000\040\000D\000e\000l\000a\000y\000\040\000v\000s\000.\000\040\000A\000r\000e\000a\000\040\000M\000u\000l\000t\000i\000p\000l\000i\000e\000r}{section.8}% 66
\BOOKMARK [2][-]{subsection.8.29}{\376\377\000P\000e\000r\000-\000C\000o\000n\000f\000i\000g\000\040\000E\000n\000e\000r\000g\000y\000\040\040\024\000\040\000M\000o\000b\000i\000l\000e\000\040\000T\000o\000p\000o\000l\000o\000g\000y}{section.8}% 67
\BOOKMARK [2][-]{subsection.8.30}{\376\377\000P\000e\000r\000-\000C\000o\000n\000f\000i\000g\000\040\000E\000n\000e\000r\000g\000y\000\040\040\024\000\040\000S\000t\000a\000t\000i\000c\000\040\000T\000o\000p\000o\000l\000o\000g\000y}{section.8}% 68
\BOOKMARK [2][-]{subsection.8.31}{\376\377\000L\000o\000s\000s\000\040\000b\000y\000\040\000F\000l\000o\000w\000\040\000C\000o\000u\000n\000t\000\040\040\024\000\040\000B\000o\000t\000h\000\040\000T\000o\000p\000o\000l\000o\000g\000i\000e\000s}{section.8}% 69
\BOOKMARK [2][-]{subsection.8.32}{\376\377\000D\000e\000l\000a\000y\000\040\000b\000y\000\040\000F\000l\000o\000w\000\040\000C\000o\000u\000n\000t\000\040\040\024\000\040\000M\000o\000b\000i\000l\000e\000\040\000T\000o\000p\000o\000l\000o\000g\000y}{section.8}% 70
\BOOKMARK [2][-]{subsection.8.33}{\376\377\000M\000o\000b\000i\000l\000e\000:\000\040\000P\000e\000r\000-\000P\000r\000o\000t\000o\000c\000o\000l\000\040\000P\000D\000R\000\040\000T\000r\000e\000n\000d}{section.8}% 71
\BOOKMARK [2][-]{subsection.8.34}{\376\377\000S\000t\000a\000t\000i\000c\000:\000\040\000P\000e\000r\000-\000C\000o\000n\000f\000i\000g\000\040\000D\000e\000l\000a\000y\000\040\000C\000o\000m\000p\000a\000r\000i\000s\000o\000n}{section.8}% 72
\BOOKMARK [2][-]{subsection.8.35}{\376\377\000M\000o\000b\000i\000l\000e\000:\000\040\000P\000e\000r\000-\000C\000o\000n\000f\000i\000g\000\040\000D\000e\000l\000a\000y\000\040\000C\000o\000m\000p\000a\000r\000i\000s\000o\000n}{section.8}% 73
\BOOKMARK [1][-]{section.9}{\376\377\000C\000o\000n\000c\000l\000u\000s\000i\000o\000n}{}% 74
